
> react-kavia@0.1.0 start
> react-scripts start

(node:640) [DEP_WEBPACK_DEV_SERVER_ON_AFTER_SETUP_MIDDLEWARE] DeprecationWarning: 'onAfterSetupMiddleware' option is deprecated. Please use the 'setupMiddlewares' option.
(Use `node --trace-deprecation ...` to show where the warning was created)
(node:640) [DEP_WEBPACK_DEV_SERVER_ON_BEFORE_SETUP_MIDDLEWARE] DeprecationWarning: 'onBeforeSetupMiddleware' option is deprecated. Please use the 'setupMiddlewares' option.
Starting the development server...

Compiled successfully!

You can now view react-kavia in the browser.

  Local:            http://localhost:3000
  On Your Network:  http://172.17.0.2:3000

Note that the development build is not optimized.
To create a production build, use npm run build.

webpack compiled successfully
Compiling...
Failed to compile.

Module not found: Error: Can't resolve 'react-router-dom' in '/home/kavia/workspace/code-generation/plantify-ai-32774-a3a827af/plantify_ai/src'
ERROR in ./src/App.js 6:0-80
Module not found: Error: Can't resolve 'react-router-dom' in '/home/kavia/workspace/code-generation/plantify-ai-32774-a3a827af/plantify_ai/src'

webpack compiled with 1 error
Compiling...
Failed to compile.

Module not found: Error: Can't resolve 'react-router-dom' in '/home/kavia/workspace/code-generation/plantify-ai-32774-a3a827af/plantify_ai/src'
ERROR in ./src/App.js 6:0-80
Module not found: Error: Can't resolve 'react-router-dom' in '/home/kavia/workspace/code-generation/plantify-ai-32774-a3a827af/plantify_ai/src'

webpack compiled with 1 error
Compiling...
Failed to compile.

Module not found: Error: Can't resolve 'react-router-dom' in '/home/kavia/workspace/code-generation/plantify-ai-32774-a3a827af/plantify_ai/src'
LOG from webpack.FileSystemInfo
<w> Managed item /home/kavia/workspace/code-generation/plantify-ai-32774-a3a827af/plantify_ai/node_modules/react-router-dom isn't a directory or doesn't contain a package.json (see snapshot.managedPaths option)
+ 13 hidden lines

ERROR in ./src/App.js 6:0-80
Module not found: Error: Can't resolve 'react-router-dom' in '/home/kavia/workspace/code-generation/plantify-ai-32774-a3a827af/plantify_ai/src'

webpack compiled with 1 error
Compiling...
Failed to compile.

Attempted import error: 'BrowserRouter' is not exported from 'react-router-dom' (imported as 'Router').
LOG from webpack.FileSystemInfo
<w> Managed item /home/kavia/workspace/code-generation/plantify-ai-32774-a3a827af/plantify_ai/node_modules/react-router isn't a directory or doesn't contain a package.json (see snapshot.managedPaths option)
+ 13 hidden lines

ERROR in ./src/App.js 18:30-36
export 'BrowserRouter' (imported as 'Router') was not found in 'react-router-dom' (module has no exports)

ERROR in ./src/App.js 63:46-50
export 'Link' (imported as 'Link') was not found in 'react-router-dom' (module has no exports)

ERROR in ./src/App.js 71:45-49
export 'Link' (imported as 'Link') was not found in 'react-router-dom' (module has no exports)

ERROR in ./src/App.js 79:45-49
export 'Link' (imported as 'Link') was not found in 'react-router-dom' (module has no exports)

ERROR in ./src/App.js 87:45-49
export 'Link' (imported as 'Link') was not found in 'react-router-dom' (module has no exports)

ERROR in ./src/App.js 95:45-49
export 'Link' (imported as 'Link') was not found in 'react-router-dom' (module has no exports)

ERROR in ./src/App.js 103:45-49
export 'Link' (imported as 'Link') was not found in 'react-router-dom' (module has no exports)

ERROR in ./src/App.js 111:45-49
export 'Link' (imported as 'Link') was not found in 'react-router-dom' (module has no exports)

ERROR in ./src/App.js 140:39-45
export 'Routes' (imported as 'Routes') was not found in 'react-router-dom' (module has no exports)

ERROR in ./src/App.js 141:42-47
export 'Route' (imported as 'Route') was not found in 'react-router-dom' (module has no exports)

ERROR in ./src/App.js 152:41-46
export 'Route' (imported as 'Route') was not found in 'react-router-dom' (module has no exports)

ERROR in ./src/App.js 163:41-46
export 'Route' (imported as 'Route') was not found in 'react-router-dom' (module has no exports)

ERROR in ./src/App.js 174:41-46
export 'Route' (imported as 'Route') was not found in 'react-router-dom' (module has no exports)

ERROR in ./src/App.js 185:41-46
export 'Route' (imported as 'Route') was not found in 'react-router-dom' (module has no exports)

ERROR in ./src/App.js 196:41-46
export 'Route' (imported as 'Route') was not found in 'react-router-dom' (module has no exports)

ERROR in ./src/App.js 207:41-46
export 'Route' (imported as 'Route') was not found in 'react-router-dom' (module has no exports)

ERROR in ./node_modules/react-router-dom/dist/index.mjs 13:0-66
Module not found: Error: Can't resolve 'react-router/dom' in '/home/kavia/workspace/code-generation/plantify-ai-32774-a3a827af/plantify_ai/node_modules/react-router-dom/dist'

ERROR in ./node_modules/react-router-dom/dist/index.mjs 14:0-29
Module not found: Error: Can't resolve 'react-router' in '/home/kavia/workspace/code-generation/plantify-ai-32774-a3a827af/plantify_ai/node_modules/react-router-dom/dist'

webpack compiled with 18 errors
Compiling...
Failed to compile.

Attempted import error: 'BrowserRouter' is not exported from 'react-router-dom' (imported as 'Router').
ERROR in ./src/App.js 18:30-36
export 'BrowserRouter' (imported as 'Router') was not found in 'react-router-dom' (module has no exports)

ERROR in ./src/App.js 63:46-50
export 'Link' (imported as 'Link') was not found in 'react-router-dom' (module has no exports)

ERROR in ./src/App.js 71:45-49
export 'Link' (imported as 'Link') was not found in 'react-router-dom' (module has no exports)

ERROR in ./src/App.js 79:45-49
export 'Link' (imported as 'Link') was not found in 'react-router-dom' (module has no exports)

ERROR in ./src/App.js 87:45-49
export 'Link' (imported as 'Link') was not found in 'react-router-dom' (module has no exports)

ERROR in ./src/App.js 95:45-49
export 'Link' (imported as 'Link') was not found in 'react-router-dom' (module has no exports)

ERROR in ./src/App.js 103:45-49
export 'Link' (imported as 'Link') was not found in 'react-router-dom' (module has no exports)

ERROR in ./src/App.js 111:45-49
export 'Link' (imported as 'Link') was not found in 'react-router-dom' (module has no exports)

ERROR in ./src/App.js 140:39-45
export 'Routes' (imported as 'Routes') was not found in 'react-router-dom' (module has no exports)

ERROR in ./src/App.js 141:42-47
export 'Route' (imported as 'Route') was not found in 'react-router-dom' (module has no exports)

ERROR in ./src/App.js 152:41-46
export 'Route' (imported as 'Route') was not found in 'react-router-dom' (module has no exports)

ERROR in ./src/App.js 163:41-46
export 'Route' (imported as 'Route') was not found in 'react-router-dom' (module has no exports)

ERROR in ./src/App.js 174:41-46
export 'Route' (imported as 'Route') was not found in 'react-router-dom' (module has no exports)

ERROR in ./src/App.js 185:41-46
export 'Route' (imported as 'Route') was not found in 'react-router-dom' (module has no exports)

ERROR in ./src/App.js 196:41-46
export 'Route' (imported as 'Route') was not found in 'react-router-dom' (module has no exports)

ERROR in ./src/App.js 207:41-46
export 'Route' (imported as 'Route') was not found in 'react-router-dom' (module has no exports)

webpack compiled with 16 errors
Compiling...
Failed to compile.

Attempted import error: 'BrowserRouter' is not exported from 'react-router-dom' (imported as 'Router').
ERROR in ./src/App.js 18:30-36
export 'BrowserRouter' (imported as 'Router') was not found in 'react-router-dom' (module has no exports)

ERROR in ./src/App.js 63:46-50
export 'Link' (imported as 'Link') was not found in 'react-router-dom' (module has no exports)

ERROR in ./src/App.js 71:45-49
export 'Link' (imported as 'Link') was not found in 'react-router-dom' (module has no exports)

ERROR in ./src/App.js 79:45-49
export 'Link' (imported as 'Link') was not found in 'react-router-dom' (module has no exports)

ERROR in ./src/App.js 87:45-49
export 'Link' (imported as 'Link') was not found in 'react-router-dom' (module has no exports)

ERROR in ./src/App.js 95:45-49
export 'Link' (imported as 'Link') was not found in 'react-router-dom' (module has no exports)

ERROR in ./src/App.js 103:45-49
export 'Link' (imported as 'Link') was not found in 'react-router-dom' (module has no exports)

ERROR in ./src/App.js 111:45-49
export 'Link' (imported as 'Link') was not found in 'react-router-dom' (module has no exports)

ERROR in ./src/App.js 140:39-45
export 'Routes' (imported as 'Routes') was not found in 'react-router-dom' (module has no exports)

ERROR in ./src/App.js 141:42-47
export 'Route' (imported as 'Route') was not found in 'react-router-dom' (module has no exports)

ERROR in ./src/App.js 152:41-46
export 'Route' (imported as 'Route') was not found in 'react-router-dom' (module has no exports)

ERROR in ./src/App.js 163:41-46
export 'Route' (imported as 'Route') was not found in 'react-router-dom' (module has no exports)

ERROR in ./src/App.js 174:41-46
export 'Route' (imported as 'Route') was not found in 'react-router-dom' (module has no exports)

ERROR in ./src/App.js 185:41-46
export 'Route' (imported as 'Route') was not found in 'react-router-dom' (module has no exports)

ERROR in ./src/App.js 196:41-46
export 'Route' (imported as 'Route') was not found in 'react-router-dom' (module has no exports)

ERROR in ./src/App.js 207:41-46
export 'Route' (imported as 'Route') was not found in 'react-router-dom' (module has no exports)

webpack compiled with 16 errors
